{
    "page": 1,
    "limit": 10,
    "pages": 1,
    "total": 3,
    "links": {
        "self": "/api/lagersystem/product-variants?locale=en_US&page=1&limit=10",
        "first": "/api/lagersystem/product-variants?locale=en_US&page=1&limit=10",
        "last": "/api/lagersystem/product-variants?locale=en_US&page=1&limit=10",
        "next": "/api/lagersystem/product-variants?locale=en_US&page=1&limit=10"
    },
    "items": [
        {
            "id": @integer@,
            "code": "red-mug",
            "name": "Red Mug",
            "brand": {
                "id": @integer@,
                "code": "setono",
                "name": "Setono"
            },
            "barcode": "7891000074237",
            "weight": 125,
            "onHand": 7,
            "images": []
        },
        {
            "id": @integer@,
            "code": "green-mug",
            "name": "Green Mug",
            "brand": {
                "id": @integer@,
                "code": "setono",
                "name": "Setono"
            },
            "onHand": 3,
            "images": []
         },
        {
            "id": @integer@,
            "code": "digital",
            "name": "Digital product",
            "brand": {
                "id": @integer@,
                "code": "setono",
                "name": "Setono"
            },
            "onHand": 1,
            "images": []
        }

    ]
}
