{
    "code": 404,
    "message": "Variant with code fake has not been found."
}
