{
    "id": @integer@,
    "code": "red-mug",
    "name": "Red Mug",
    "brand": {
        "id": @integer@,
        "code": "setono",
        "name": "Setono"
    },
    "barcode": "7891000074237",
    "weight": 125,
    "onHand": 7,
    "images": [
        {
            "type": "thumbnail",
            "path": "/pants.jpeg",
            "cachedPath": "http://localhost/media/cache/setono_sylius_lagersystem/pants.jpeg"
        }
    ]
}
